\set ECHO none
show server_version \gset
\ir sql/:server_version/partition.sql
SET datestyle = 'ISO';
SET client_min_messages = WARNING;
SET log_statement TO 'none';
--Testcase 1:
CREATE EXTENSION parquet_s3_fdw;
--Testcase 2:
DROP ROLE IF EXISTS regress_parquet_s3_fdw;
--Testcase 3:
CREATE ROLE regress_parquet_s3_fdw LOGIN SUPERUSER;
--Testcase 4:
CREATE SERVER parquet_s3_srv FOREIGN DATA WRAPPER parquet_s3_fdw :USE_MINIO;
--Testcase 5:
CREATE USER MAPPING FOR regress_parquet_s3_fdw SERVER parquet_s3_srv :USER_PASSWORD;
SET ROLE regress_parquet_s3_fdw;
--Testcase 6:
CREATE TABLE example_part (
    id      int,
    date    timestamp,
    num     int
)
PARTITION BY range(date);
--Testcase 7:
\set var '\"':PATH_FILENAME'\/data\/partition\/example_part1.parquet"'
--Testcase 8:
CREATE FOREIGN TABLE example_part1
PARTITION OF example_part FOR VALUES FROM ('2018-01-01') TO ('2018-02-01')
SERVER parquet_s3_srv
OPTIONS (filename :'var', sorted 'id date');
--Testcase 9:
\set var '\"':PATH_FILENAME'\/data\/partition\/example_part2.parquet"'
--Testcase 10:
CREATE FOREIGN TABLE example_part2
PARTITION OF example_part FOR VALUES FROM ('2018-02-01') TO ('2018-03-01')
SERVER parquet_s3_srv
OPTIONS (filename :'var', sorted 'id date');
-- Test that "sorted" option works if there is no ORDER BY
--Testcase 11:
EXPLAIN (COSTS OFF) SELECT * FROM example_part WHERE id = 1;
                     QUERY PLAN                     
----------------------------------------------------
 Append
   ->  Foreign Scan on example_part1 example_part_1
         Filter: (id = 1)
         Reader: Single File
         Row groups: 1
   ->  Foreign Scan on example_part2 example_part_2
         Filter: (id = 1)
         Reader: Single File
         Row groups: 1
(9 rows)

SELECT * FROM example_part WHERE id = 1;
 id |        date         | num 
----+---------------------+-----
  1 | 2018-01-01 00:00:00 |  10
  1 | 2018-01-02 00:00:00 |  23
  1 | 2018-02-01 00:00:00 |  59
(3 rows)

--Testcase 12:
EXPLAIN (COSTS OFF) SELECT * FROM example_part WHERE date = '2018-01-01';
                              QUERY PLAN                               
-----------------------------------------------------------------------
 Foreign Scan on example_part1 example_part
   Filter: (date = '2018-01-01 00:00:00'::timestamp without time zone)
   Reader: Single File
   Row groups: 1
(4 rows)

SELECT * FROM example_part WHERE date = '2018-01-01';
 id |        date         | num 
----+---------------------+-----
  1 | 2018-01-01 00:00:00 |  10
(1 row)

-- Test that "sorted" option works together with ORDER BY
--Testcase 13:
EXPLAIN (COSTS OFF) SELECT * FROM example_part WHERE id = 1 ORDER BY date;
                        QUERY PLAN                        
----------------------------------------------------------
 Sort
   Sort Key: example_part.date
   ->  Append
         ->  Foreign Scan on example_part1 example_part_1
               Filter: (id = 1)
               Reader: Single File
               Row groups: 1
         ->  Foreign Scan on example_part2 example_part_2
               Filter: (id = 1)
               Reader: Single File
               Row groups: 1
(11 rows)

SELECT * FROM example_part WHERE id = 1 ORDER BY date;
 id |        date         | num 
----+---------------------+-----
  1 | 2018-01-01 00:00:00 |  10
  1 | 2018-01-02 00:00:00 |  23
  1 | 2018-02-01 00:00:00 |  59
(3 rows)

--Testcase 14:
EXPLAIN (COSTS OFF) SELECT * FROM example_part WHERE date = '2018-01-01' ORDER BY id;
                              QUERY PLAN                               
-----------------------------------------------------------------------
 Foreign Scan on example_part1 example_part
   Filter: (date = '2018-01-01 00:00:00'::timestamp without time zone)
   Reader: Single File
   Row groups: 1
(4 rows)

SELECT * FROM example_part WHERE date = '2018-01-01' ORDER BY id;
 id |        date         | num 
----+---------------------+-----
  1 | 2018-01-01 00:00:00 |  10
(1 row)

--Testcase 15:
DROP TABLE example_part CASCADE;
--Testcase 16:
DROP EXTENSION parquet_s3_fdw CASCADE;
